// Jest Snapshot v1, https://goo.gl/fbAQLP

exports[`input component should render the input field correctly 1`] = `
<input
  className="hell world"
/>
`;
