// Jest Snapshot v1, https://goo.gl/fbAQLP

exports[`Navigation bar should render the navigation bar 1`] = `
<section
  className="navbar"
>
  <div
    className="logo"
  >
    <img
      alt="Logo"
      className="icon"
      src="test-file-stub"
    />
  </div>
  <div
    className="profile"
  >
    <div
      className="avatar"
    >
      <img
        alt="Profile"
        className="icon"
        src="test-file-stub"
      />
    </div>
    <div
      className="username"
    >
      <p>
        Joe Doe
      </p>
    </div>
  </div>
</section>
`;
